09:49:59:392 [ALWAYS]	GUDE Logging Started
09:49:59:395 [INFO]	SqliteResumeCache::SqliteResumeCache basedirectory is null/empty
09:49:59:395 [ERROR]	SqliteResumeCache::CreateSqliteResumeCache creating resume cache pointer failure
09:49:59:395 [ERROR]	Initialize resume cache pointer failure
09:49:59:397 [INFO]	gude policy POLICY_USER limit (4,4,1) chunk 2097152, chunking (UL 0 DL 1), resXfer 1, adapt 0, NSURL 1, timeout 86400 
09:49:59:397 [INFO]	Initialized -- gude-lib version: v0.12.1 app: gude
09:50:01:426 [WARN]	Request Failed. ErrorCode: 112029 errorMessage: Platform Status, Send Request Failed. WinHTTP Cannot Connect. last error code = 12029 
09:50:03:449 [WARN]	Request Failed. ErrorCode: 112029 errorMessage: Platform Status, Send Request Failed. WinHTTP Cannot Connect. last error code = 12029 
09:50:09:475 [WARN]	Request Failed. ErrorCode: 112029 errorMessage: Platform Status, Send Request Failed. WinHTTP Cannot Connect. last error code = 12029 
09:50:21:483 [WARN]	Request Failed. ErrorCode: 112029 errorMessage: Platform Status, Send Request Failed. WinHTTP Cannot Connect. last error code = 12029 
09:50:29:508 [WARN]	Request Failed. ErrorCode: 112029 errorMessage: Platform Status, Send Request Failed. WinHTTP Cannot Connect. last error code = 12029 
09:50:31:517 [WARN]	Request Failed. ErrorCode: 112029 errorMessage: Platform Status, Send Request Failed. WinHTTP Cannot Connect. last error code = 12029 
09:50:55:545 [WARN]	Request Failed. ErrorCode: 112029 errorMessage: Platform Status, Send Request Failed. WinHTTP Cannot Connect. last error code = 12029 
09:51:39:814 [WARN]	Request Failed. ErrorCode: 112029 errorMessage: Platform Status, Send Request Failed. WinHTTP Cannot Connect. last error code = 12029 
09:52:07:851 [WARN]	Request Failed. ErrorCode: 112029 errorMessage: Platform Status, Send Request Failed. WinHTTP Cannot Connect. last error code = 12029 
09:52:43:871 [WARN]	Request Failed. ErrorCode: 112029 errorMessage: Platform Status, Send Request Failed. WinHTTP Cannot Connect. last error code = 12029 
09:53:15:900 [WARN]	Request Failed. ErrorCode: 112029 errorMessage: Platform Status, Send Request Failed. WinHTTP Cannot Connect. last error code = 12029 
09:53:33:919 [WARN]	Request Failed. ErrorCode: 112029 errorMessage: Platform Status, Send Request Failed. WinHTTP Cannot Connect. last error code = 12029 
09:54:07:952 [WARN]	Request Failed. ErrorCode: 112029 errorMessage: Platform Status, Send Request Failed. WinHTTP Cannot Connect. last error code = 12029 
09:54:41:974 [WARN]	Request Failed. ErrorCode: 112029 errorMessage: Platform Status, Send Request Failed. WinHTTP Cannot Connect. last error code = 12029 
09:55:36:007 [WARN]	Request Failed. ErrorCode: 112029 errorMessage: Platform Status, Send Request Failed. WinHTTP Cannot Connect. last error code = 12029 
09:55:54:052 [WARN]	Request Failed. ErrorCode: 112029 errorMessage: Platform Status, Send Request Failed. WinHTTP Cannot Connect. last error code = 12029 
09:56:16:077 [WARN]	Request Failed. ErrorCode: 112029 errorMessage: Platform Status, Send Request Failed. WinHTTP Cannot Connect. last error code = 12029 
09:56:54:136 [WARN]	Request Failed. ErrorCode: 112029 errorMessage: Platform Status, Send Request Failed. WinHTTP Cannot Connect. last error code = 12029 
09:57:06:152 [WARN]	Request Failed. ErrorCode: 112029 errorMessage: Platform Status, Send Request Failed. WinHTTP Cannot Connect. last error code = 12029 
09:58:00:203 [WARN]	Request Failed. ErrorCode: 112029 errorMessage: Platform Status, Send Request Failed. WinHTTP Cannot Connect. last error code = 12029 
09:58:56:243 [WARN]	Request Failed. ErrorCode: 112029 errorMessage: Platform Status, Send Request Failed. WinHTTP Cannot Connect. last error code = 12029 
09:59:10:262 [WARN]	Request Failed. ErrorCode: 112029 errorMessage: Platform Status, Send Request Failed. WinHTTP Cannot Connect. last error code = 12029 
09:59:34:430 [WARN]	Request Failed. ErrorCode: 112029 errorMessage: Platform Status, Send Request Failed. WinHTTP Cannot Connect. last error code = 12029 
10:00:34:491 [WARN]	Request Failed. ErrorCode: 112029 errorMessage: Platform Status, Send Request Failed. WinHTTP Cannot Connect. last error code = 12029 
10:01:24:533 [WARN]	Request Failed. ErrorCode: 112029 errorMessage: Platform Status, Send Request Failed. WinHTTP Cannot Connect. last error code = 12029 
10:01:32:541 [WARN]	Request Failed. ErrorCode: 112029 errorMessage: Platform Status, Send Request Failed. WinHTTP Cannot Connect. last error code = 12029 
10:02:32:579 [WARN]	Request Failed. ErrorCode: 112029 errorMessage: Platform Status, Send Request Failed. WinHTTP Cannot Connect. last error code = 12029 
10:02:58:599 [WARN]	Request Failed. ErrorCode: 112029 errorMessage: Platform Status, Send Request Failed. WinHTTP Cannot Connect. last error code = 12029 
10:03:54:628 [WARN]	Request Failed. ErrorCode: 112029 errorMessage: Platform Status, Send Request Failed. WinHTTP Cannot Connect. last error code = 12029 
10:04:06:645 [WARN]	Request Failed. ErrorCode: 112029 errorMessage: Platform Status, Send Request Failed. WinHTTP Cannot Connect. last error code = 12029 
10:04:52:702 [WARN]	Request Failed. ErrorCode: 112029 errorMessage: Platform Status, Send Request Failed. WinHTTP Cannot Connect. last error code = 12029 
10:05:06:719 [WARN]	Request Failed. ErrorCode: 112029 errorMessage: Platform Status, Send Request Failed. WinHTTP Cannot Connect. last error code = 12029 
10:06:06:767 [WARN]	Request Failed. ErrorCode: 112029 errorMessage: Platform Status, Send Request Failed. WinHTTP Cannot Connect. last error code = 12029 
10:06:44:800 [WARN]	Request Failed. ErrorCode: 112029 errorMessage: Platform Status, Send Request Failed. WinHTTP Cannot Connect. last error code = 12029 
10:07:20:826 [WARN]	Request Failed. ErrorCode: 112029 errorMessage: Platform Status, Send Request Failed. WinHTTP Cannot Connect. last error code = 12029 
10:07:46:856 [WARN]	Request Failed. ErrorCode: 112029 errorMessage: Platform Status, Send Request Failed. WinHTTP Cannot Connect. last error code = 12029 
10:08:02:875 [WARN]	Request Failed. ErrorCode: 112029 errorMessage: Platform Status, Send Request Failed. WinHTTP Cannot Connect. last error code = 12029 
10:08:08:883 [WARN]	Request Failed. ErrorCode: 112029 errorMessage: Platform Status, Send Request Failed. WinHTTP Cannot Connect. last error code = 12029 
10:09:02:925 [WARN]	Request Failed. ErrorCode: 112029 errorMessage: Platform Status, Send Request Failed. WinHTTP Cannot Connect. last error code = 12029 
10:09:24:967 [WARN]	Request Failed. ErrorCode: 112029 errorMessage: Platform Status, Send Request Failed. WinHTTP Cannot Connect. last error code = 12029 
10:09:36:998 [WARN]	Request Failed. ErrorCode: 112029 errorMessage: Platform Status, Send Request Failed. WinHTTP Cannot Connect. last error code = 12029 
10:10:39:038 [WARN]	Request Failed. ErrorCode: 112029 errorMessage: Platform Status, Send Request Failed. WinHTTP Cannot Connect. last error code = 12029 
10:10:45:056 [WARN]	Request Failed. ErrorCode: 112029 errorMessage: Platform Status, Send Request Failed. WinHTTP Cannot Connect. last error code = 12029 
10:11:37:107 [WARN]	Request Failed. ErrorCode: 112029 errorMessage: Platform Status, Send Request Failed. WinHTTP Cannot Connect. last error code = 12029 
10:12:35:145 [WARN]	Request Failed. ErrorCode: 112029 errorMessage: Platform Status, Send Request Failed. WinHTTP Cannot Connect. last error code = 12029 
10:12:53:164 [WARN]	Request Failed. ErrorCode: 112029 errorMessage: Platform Status, Send Request Failed. WinHTTP Cannot Connect. last error code = 12029 
10:13:41:212 [WARN]	Request Failed. ErrorCode: 112029 errorMessage: Platform Status, Send Request Failed. WinHTTP Cannot Connect. last error code = 12029 
10:13:51:230 [WARN]	Request Failed. ErrorCode: 112029 errorMessage: Platform Status, Send Request Failed. WinHTTP Cannot Connect. last error code = 12029 
10:14:53:273 [WARN]	Request Failed. ErrorCode: 112029 errorMessage: Platform Status, Send Request Failed. WinHTTP Cannot Connect. last error code = 12029 
10:15:51:310 [WARN]	Request Failed. ErrorCode: 112029 errorMessage: Platform Status, Send Request Failed. WinHTTP Cannot Connect. last error code = 12029 
10:16:31:326 [WARN]	Request Failed. ErrorCode: 112029 errorMessage: Platform Status, Send Request Failed. WinHTTP Cannot Connect. last error code = 12029 
10:16:53:363 [WARN]	Request Failed. ErrorCode: 112029 errorMessage: Platform Status, Send Request Failed. WinHTTP Cannot Connect. last error code = 12029 
10:17:49:411 [WARN]	Request Failed. ErrorCode: 112029 errorMessage: Platform Status, Send Request Failed. WinHTTP Cannot Connect. last error code = 12029 
10:18:33:429 [WARN]	Request Failed. ErrorCode: 112029 errorMessage: Platform Status, Send Request Failed. WinHTTP Cannot Connect. last error code = 12029 
10:19:15:457 [WARN]	Request Failed. ErrorCode: 112029 errorMessage: Platform Status, Send Request Failed. WinHTTP Cannot Connect. last error code = 12029 
10:19:25:479 [WARN]	Request Failed. ErrorCode: 112029 errorMessage: Platform Status, Send Request Failed. WinHTTP Cannot Connect. last error code = 12029 
10:20:19:519 [WARN]	Request Failed. ErrorCode: 112029 errorMessage: Platform Status, Send Request Failed. WinHTTP Cannot Connect. last error code = 12029 
10:20:57:554 [WARN]	Request Failed. ErrorCode: 112029 errorMessage: Platform Status, Send Request Failed. WinHTTP Cannot Connect. last error code = 12029 
10:21:23:568 [WARN]	Request Failed. ErrorCode: 112029 errorMessage: Platform Status, Send Request Failed. WinHTTP Cannot Connect. last error code = 12029 
10:21:41:592 [WARN]	Request Failed. ErrorCode: 112029 errorMessage: Platform Status, Send Request Failed. WinHTTP Cannot Connect. last error code = 12029 
10:22:01:608 [WARN]	Request Failed. ErrorCode: 112029 errorMessage: Platform Status, Send Request Failed. WinHTTP Cannot Connect. last error code = 12029 
10:22:57:648 [WARN]	Request Failed. ErrorCode: 112029 errorMessage: Platform Status, Send Request Failed. WinHTTP Cannot Connect. last error code = 12029 
10:23:51:685 [WARN]	Request Failed. ErrorCode: 112029 errorMessage: Platform Status, Send Request Failed. WinHTTP Cannot Connect. last error code = 12029 
10:24:19:707 [WARN]	Request Failed. ErrorCode: 112029 errorMessage: Platform Status, Send Request Failed. WinHTTP Cannot Connect. last error code = 12029 
10:24:55:739 [WARN]	Request Failed. ErrorCode: 112029 errorMessage: Platform Status, Send Request Failed. WinHTTP Cannot Connect. last error code = 12029 
10:24:55:743 [WARN]	Request Failed. ErrorCode: 112029 errorMessage: Platform Status, Send Request Failed. WinHTTP Cannot Connect. last error code = 12029 
10:25:47:797 [WARN]	Request Failed. ErrorCode: 112029 errorMessage: Platform Status, Send Request Failed. WinHTTP Cannot Connect. last error code = 12029 
10:26:19:818 [WARN]	Request Failed. ErrorCode: 112029 errorMessage: Platform Status, Send Request Failed. WinHTTP Cannot Connect. last error code = 12029 
10:26:47:859 [WARN]	Request Failed. ErrorCode: 112029 errorMessage: Platform Status, Send Request Failed. WinHTTP Cannot Connect. last error code = 12029 
10:26:47:866 [WARN]	Request Failed. ErrorCode: 112029 errorMessage: Platform Status, Send Request Failed. WinHTTP Cannot Connect. last error code = 12029 
10:27:35:898 [WARN]	Request Failed. ErrorCode: 112029 errorMessage: Platform Status, Send Request Failed. WinHTTP Cannot Connect. last error code = 12029 
10:28:19:947 [WARN]	Request Failed. ErrorCode: 112029 errorMessage: Platform Status, Send Request Failed. WinHTTP Cannot Connect. last error code = 12029 
10:29:17:983 [WARN]	Request Failed. ErrorCode: 112029 errorMessage: Platform Status, Send Request Failed. WinHTTP Cannot Connect. last error code = 12029 
10:29:54:014 [WARN]	Request Failed. ErrorCode: 112029 errorMessage: Platform Status, Send Request Failed. WinHTTP Cannot Connect. last error code = 12029 
10:30:12:050 [WARN]	Request Failed. ErrorCode: 112029 errorMessage: Platform Status, Send Request Failed. WinHTTP Cannot Connect. last error code = 12029 
10:30:48:074 [WARN]	Request Failed. ErrorCode: 112029 errorMessage: Platform Status, Send Request Failed. WinHTTP Cannot Connect. last error code = 12029 
10:31:32:107 [WARN]	Request Failed. ErrorCode: 112029 errorMessage: Platform Status, Send Request Failed. WinHTTP Cannot Connect. last error code = 12029 
10:32:32:161 [WARN]	Request Failed. ErrorCode: 112029 errorMessage: Platform Status, Send Request Failed. WinHTTP Cannot Connect. last error code = 12029 
10:33:30:204 [WARN]	Request Failed. ErrorCode: 112029 errorMessage: Platform Status, Send Request Failed. WinHTTP Cannot Connect. last error code = 12029 
10:33:48:230 [WARN]	Request Failed. ErrorCode: 112029 errorMessage: Platform Status, Send Request Failed. WinHTTP Cannot Connect. last error code = 12029 
10:34:44:281 [WARN]	Request Failed. ErrorCode: 112029 errorMessage: Platform Status, Send Request Failed. WinHTTP Cannot Connect. last error code = 12029 
10:35:10:306 [WARN]	Request Failed. ErrorCode: 112029 errorMessage: Platform Status, Send Request Failed. WinHTTP Cannot Connect. last error code = 12029 
10:35:40:325 [WARN]	Request Failed. ErrorCode: 112029 errorMessage: Platform Status, Send Request Failed. WinHTTP Cannot Connect. last error code = 12029 
10:36:20:378 [WARN]	Request Failed. ErrorCode: 112029 errorMessage: Platform Status, Send Request Failed. WinHTTP Cannot Connect. last error code = 12029 
10:36:56:422 [WARN]	Request Failed. ErrorCode: 112029 errorMessage: Platform Status, Send Request Failed. WinHTTP Cannot Connect. last error code = 12029 
10:37:04:448 [WARN]	Request Failed. ErrorCode: 112029 errorMessage: Platform Status, Send Request Failed. WinHTTP Cannot Connect. last error code = 12029 
10:37:04:456 [WARN]	Request Failed. ErrorCode: 112029 errorMessage: Platform Status, Send Request Failed. WinHTTP Cannot Connect. last error code = 12029 
10:37:16:481 [WARN]	Request Failed. ErrorCode: 112029 errorMessage: Platform Status, Send Request Failed. WinHTTP Cannot Connect. last error code = 12029 
10:37:48:498 [WARN]	Request Failed. ErrorCode: 112029 errorMessage: Platform Status, Send Request Failed. WinHTTP Cannot Connect. last error code = 12029 
10:38:10:543 [WARN]	Request Failed. ErrorCode: 112029 errorMessage: Platform Status, Send Request Failed. WinHTTP Cannot Connect. last error code = 12029 
10:38:18:563 [WARN]	Request Failed. ErrorCode: 112029 errorMessage: Platform Status, Send Request Failed. WinHTTP Cannot Connect. last error code = 12029 
10:38:50:605 [WARN]	Request Failed. ErrorCode: 112029 errorMessage: Platform Status, Send Request Failed. WinHTTP Cannot Connect. last error code = 12029 
10:39:36:630 [WARN]	Request Failed. ErrorCode: 112029 errorMessage: Platform Status, Send Request Failed. WinHTTP Cannot Connect. last error code = 12029 
10:40:12:671 [WARN]	Request Failed. ErrorCode: 112029 errorMessage: Platform Status, Send Request Failed. WinHTTP Cannot Connect. last error code = 12029 
10:41:06:705 [WARN]	Request Failed. ErrorCode: 112029 errorMessage: Platform Status, Send Request Failed. WinHTTP Cannot Connect. last error code = 12029 
10:41:08:714 [WARN]	Request Failed. ErrorCode: 112029 errorMessage: Platform Status, Send Request Failed. WinHTTP Cannot Connect. last error code = 12029 
10:41:12:726 [WARN]	Request Failed. ErrorCode: 112029 errorMessage: Platform Status, Send Request Failed. WinHTTP Cannot Connect. last error code = 12029 
10:41:56:781 [WARN]	Request Failed. ErrorCode: 112029 errorMessage: Platform Status, Send Request Failed. WinHTTP Cannot Connect. last error code = 12029 
10:42:00:807 [WARN]	Request Failed. ErrorCode: 112029 errorMessage: Platform Status, Send Request Failed. WinHTTP Cannot Connect. last error code = 12029 
10:42:34:824 [WARN]	Request Failed. ErrorCode: 112029 errorMessage: Platform Status, Send Request Failed. WinHTTP Cannot Connect. last error code = 12029 
10:43:32:871 [WARN]	Request Failed. ErrorCode: 112029 errorMessage: Platform Status, Send Request Failed. WinHTTP Cannot Connect. last error code = 12029 
10:43:34:887 [WARN]	Request Failed. ErrorCode: 112029 errorMessage: Platform Status, Send Request Failed. WinHTTP Cannot Connect. last error code = 12029 
10:43:56:903 [WARN]	Request Failed. ErrorCode: 112029 errorMessage: Platform Status, Send Request Failed. WinHTTP Cannot Connect. last error code = 12029 
10:44:58:948 [WARN]	Request Failed. ErrorCode: 112029 errorMessage: Platform Status, Send Request Failed. WinHTTP Cannot Connect. last error code = 12029 
10:45:50:973 [WARN]	Request Failed. ErrorCode: 112029 errorMessage: Platform Status, Send Request Failed. WinHTTP Cannot Connect. last error code = 12029 
10:46:23:012 [WARN]	Request Failed. ErrorCode: 112029 errorMessage: Platform Status, Send Request Failed. WinHTTP Cannot Connect. last error code = 12029 
10:46:43:028 [WARN]	Request Failed. ErrorCode: 112029 errorMessage: Platform Status, Send Request Failed. WinHTTP Cannot Connect. last error code = 12029 
10:47:33:055 [WARN]	Request Failed. ErrorCode: 112029 errorMessage: Platform Status, Send Request Failed. WinHTTP Cannot Connect. last error code = 12029 
10:47:37:088 [WARN]	Request Failed. ErrorCode: 112029 errorMessage: Platform Status, Send Request Failed. WinHTTP Cannot Connect. last error code = 12029 
10:48:27:130 [WARN]	Request Failed. ErrorCode: 112029 errorMessage: Platform Status, Send Request Failed. WinHTTP Cannot Connect. last error code = 12029 
10:49:03:147 [WARN]	Request Failed. ErrorCode: 112029 errorMessage: Platform Status, Send Request Failed. WinHTTP Cannot Connect. last error code = 12029 
10:50:01:192 [WARN]	Request Failed. ErrorCode: 112029 errorMessage: Platform Status, Send Request Failed. WinHTTP Cannot Connect. last error code = 12029 
10:50:19:235 [WARN]	Request Failed. ErrorCode: 112029 errorMessage: Platform Status, Send Request Failed. WinHTTP Cannot Connect. last error code = 12029 
10:50:43:249 [WARN]	Request Failed. ErrorCode: 112029 errorMessage: Platform Status, Send Request Failed. WinHTTP Cannot Connect. last error code = 12029 
10:50:43:257 [WARN]	Request Failed. ErrorCode: 112029 errorMessage: Platform Status, Send Request Failed. WinHTTP Cannot Connect. last error code = 12029 
10:51:43:297 [WARN]	Request Failed. ErrorCode: 112029 errorMessage: Platform Status, Send Request Failed. WinHTTP Cannot Connect. last error code = 12029 
10:51:53:306 [WARN]	Request Failed. ErrorCode: 112029 errorMessage: Platform Status, Send Request Failed. WinHTTP Cannot Connect. last error code = 12029 
10:52:43:341 [WARN]	Request Failed. ErrorCode: 112029 errorMessage: Platform Status, Send Request Failed. WinHTTP Cannot Connect. last error code = 12029 
10:53:25:379 [WARN]	Request Failed. ErrorCode: 112029 errorMessage: Platform Status, Send Request Failed. WinHTTP Cannot Connect. last error code = 12029 
10:53:43:393 [WARN]	Request Failed. ErrorCode: 112029 errorMessage: Platform Status, Send Request Failed. WinHTTP Cannot Connect. last error code = 12029 
10:53:43:397 [WARN]	Request Failed. ErrorCode: 112029 errorMessage: Platform Status, Send Request Failed. WinHTTP Cannot Connect. last error code = 12029 
10:54:19:429 [WARN]	Request Failed. ErrorCode: 112029 errorMessage: Platform Status, Send Request Failed. WinHTTP Cannot Connect. last error code = 12029 
10:54:39:454 [WARN]	Request Failed. ErrorCode: 112029 errorMessage: Platform Status, Send Request Failed. WinHTTP Cannot Connect. last error code = 12029 
10:54:57:488 [WARN]	Request Failed. ErrorCode: 112029 errorMessage: Platform Status, Send Request Failed. WinHTTP Cannot Connect. last error code = 12029 
10:55:21:505 [WARN]	Request Failed. ErrorCode: 112029 errorMessage: Platform Status, Send Request Failed. WinHTTP Cannot Connect. last error code = 12029 
10:55:59:537 [WARN]	Request Failed. ErrorCode: 112029 errorMessage: Platform Status, Send Request Failed. WinHTTP Cannot Connect. last error code = 12029 
10:57:01:571 [WARN]	Request Failed. ErrorCode: 112029 errorMessage: Platform Status, Send Request Failed. WinHTTP Cannot Connect. last error code = 12029 
10:57:15:584 [WARN]	Request Failed. ErrorCode: 112029 errorMessage: Platform Status, Send Request Failed. WinHTTP Cannot Connect. last error code = 12029 
10:57:59:626 [WARN]	Request Failed. ErrorCode: 112029 errorMessage: Platform Status, Send Request Failed. WinHTTP Cannot Connect. last error code = 12029 
10:59:01:657 [WARN]	Request Failed. ErrorCode: 112029 errorMessage: Platform Status, Send Request Failed. WinHTTP Cannot Connect. last error code = 12029 
10:59:41:693 [WARN]	Request Failed. ErrorCode: 112029 errorMessage: Platform Status, Send Request Failed. WinHTTP Cannot Connect. last error code = 12029 
11:00:25:707 [WARN]	Request Failed. ErrorCode: 112029 errorMessage: Platform Status, Send Request Failed. WinHTTP Cannot Connect. last error code = 12029 
11:01:25:748 [WARN]	Request Failed. ErrorCode: 112029 errorMessage: Platform Status, Send Request Failed. WinHTTP Cannot Connect. last error code = 12029 
11:01:51:788 [WARN]	Request Failed. ErrorCode: 112029 errorMessage: Platform Status, Send Request Failed. WinHTTP Cannot Connect. last error code = 12029 
11:02:47:827 [WARN]	Request Failed. ErrorCode: 112029 errorMessage: Platform Status, Send Request Failed. WinHTTP Cannot Connect. last error code = 12029 
11:03:15:853 [WARN]	Request Failed. ErrorCode: 112029 errorMessage: Platform Status, Send Request Failed. WinHTTP Cannot Connect. last error code = 12029 
11:03:27:896 [WARN]	Request Failed. ErrorCode: 112029 errorMessage: Platform Status, Send Request Failed. WinHTTP Cannot Connect. last error code = 12029 
11:03:33:917 [WARN]	Request Failed. ErrorCode: 112029 errorMessage: Platform Status, Send Request Failed. WinHTTP Cannot Connect. last error code = 12029 
11:04:03:937 [WARN]	Request Failed. ErrorCode: 112029 errorMessage: Platform Status, Send Request Failed. WinHTTP Cannot Connect. last error code = 12029 
11:04:49:970 [WARN]	Request Failed. ErrorCode: 112029 errorMessage: Platform Status, Send Request Failed. WinHTTP Cannot Connect. last error code = 12029 
11:05:07:991 [WARN]	Request Failed. ErrorCode: 112029 errorMessage: Platform Status, Send Request Failed. WinHTTP Cannot Connect. last error code = 12029 
11:05:10:012 [WARN]	Request Failed. ErrorCode: 112029 errorMessage: Platform Status, Send Request Failed. WinHTTP Cannot Connect. last error code = 12029 
11:06:12:054 [WARN]	Request Failed. ErrorCode: 112029 errorMessage: Platform Status, Send Request Failed. WinHTTP Cannot Connect. last error code = 12029 
11:06:30:069 [WARN]	Request Failed. ErrorCode: 112029 errorMessage: Platform Status, Send Request Failed. WinHTTP Cannot Connect. last error code = 12029 
11:07:00:090 [WARN]	Request Failed. ErrorCode: 112029 errorMessage: Platform Status, Send Request Failed. WinHTTP Cannot Connect. last error code = 12029 
11:07:02:105 [WARN]	Request Failed. ErrorCode: 112029 errorMessage: Platform Status, Send Request Failed. WinHTTP Cannot Connect. last error code = 12029 
11:07:28:157 [WARN]	Request Failed. ErrorCode: 112029 errorMessage: Platform Status, Send Request Failed. WinHTTP Cannot Connect. last error code = 12029 
11:08:02:176 [WARN]	Request Failed. ErrorCode: 112029 errorMessage: Platform Status, Send Request Failed. WinHTTP Cannot Connect. last error code = 12029 
11:09:02:211 [WARN]	Request Failed. ErrorCode: 112029 errorMessage: Platform Status, Send Request Failed. WinHTTP Cannot Connect. last error code = 12029 
11:10:00:246 [WARN]	Request Failed. ErrorCode: 112029 errorMessage: Platform Status, Send Request Failed. WinHTTP Cannot Connect. last error code = 12029 
11:10:56:274 [WARN]	Request Failed. ErrorCode: 112029 errorMessage: Platform Status, Send Request Failed. WinHTTP Cannot Connect. last error code = 12029 
11:11:40:299 [WARN]	Request Failed. ErrorCode: 112029 errorMessage: Platform Status, Send Request Failed. WinHTTP Cannot Connect. last error code = 12029 
11:12:16:339 [WARN]	Request Failed. ErrorCode: 112029 errorMessage: Platform Status, Send Request Failed. WinHTTP Cannot Connect. last error code = 12029 
11:12:52:364 [WARN]	Request Failed. ErrorCode: 112029 errorMessage: Platform Status, Send Request Failed. WinHTTP Cannot Connect. last error code = 12029 
11:13:04:389 [WARN]	Request Failed. ErrorCode: 112029 errorMessage: Platform Status, Send Request Failed. WinHTTP Cannot Connect. last error code = 12029 
11:14:02:442 [WARN]	Request Failed. ErrorCode: 112029 errorMessage: Platform Status, Send Request Failed. WinHTTP Cannot Connect. last error code = 12029 
11:14:34:474 [WARN]	Request Failed. ErrorCode: 112029 errorMessage: Platform Status, Send Request Failed. WinHTTP Cannot Connect. last error code = 12029 
11:14:42:893 [WARN]	Request Failed. ErrorCode: 112029 errorMessage: Platform Status, Send Request Failed. WinHTTP Cannot Connect. last error code = 12029 
11:15:12:929 [WARN]	Request Failed. ErrorCode: 112029 errorMessage: Platform Status, Send Request Failed. WinHTTP Cannot Connect. last error code = 12029 
11:15:32:942 [WARN]	Request Failed. ErrorCode: 112029 errorMessage: Platform Status, Send Request Failed. WinHTTP Cannot Connect. last error code = 12029 
11:16:19:706 [WARN]	proxy setting delay exceeds threshold: 0.728762 secs
11:16:21:000 [WARN]	Request Failed. ErrorCode: 112029 errorMessage: Platform Status, Send Request Failed. WinHTTP Cannot Connect. last error code = 12029 
11:16:25:012 [WARN]	Request Failed. ErrorCode: 112029 errorMessage: Platform Status, Send Request Failed. WinHTTP Cannot Connect. last error code = 12029 
11:17:11:045 [WARN]	Request Failed. ErrorCode: 112029 errorMessage: Platform Status, Send Request Failed. WinHTTP Cannot Connect. last error code = 12029 
11:17:27:073 [WARN]	Request Failed. ErrorCode: 112029 errorMessage: Platform Status, Send Request Failed. WinHTTP Cannot Connect. last error code = 12029 
11:18:17:101 [WARN]	Request Failed. ErrorCode: 112029 errorMessage: Platform Status, Send Request Failed. WinHTTP Cannot Connect. last error code = 12029 
11:18:41:126 [WARN]	Request Failed. ErrorCode: 112029 errorMessage: Platform Status, Send Request Failed. WinHTTP Cannot Connect. last error code = 12029 
11:19:19:140 [WARN]	Request Failed. ErrorCode: 112029 errorMessage: Platform Status, Send Request Failed. WinHTTP Cannot Connect. last error code = 12029 
11:19:41:216 [WARN]	Request Failed. ErrorCode: 112029 errorMessage: Platform Status, Send Request Failed. WinHTTP Cannot Connect. last error code = 12029 
11:19:59:287 [WARN]	Request Failed. ErrorCode: 112029 errorMessage: Platform Status, Send Request Failed. WinHTTP Cannot Connect. last error code = 12029 
11:20:35:327 [WARN]	Request Failed. ErrorCode: 112029 errorMessage: Platform Status, Send Request Failed. WinHTTP Cannot Connect. last error code = 12029 
11:21:35:376 [WARN]	Request Failed. ErrorCode: 112029 errorMessage: Platform Status, Send Request Failed. WinHTTP Cannot Connect. last error code = 12029 
11:22:13:409 [WARN]	Request Failed. ErrorCode: 112029 errorMessage: Platform Status, Send Request Failed. WinHTTP Cannot Connect. last error code = 12029 
11:22:53:477 [WARN]	Request Failed. ErrorCode: 112029 errorMessage: Platform Status, Send Request Failed. WinHTTP Cannot Connect. last error code = 12029 
11:23:53:509 [WARN]	Request Failed. ErrorCode: 112029 errorMessage: Platform Status, Send Request Failed. WinHTTP Cannot Connect. last error code = 12029 
11:24:17:548 [WARN]	Request Failed. ErrorCode: 112029 errorMessage: Platform Status, Send Request Failed. WinHTTP Cannot Connect. last error code = 12029 
11:24:57:575 [WARN]	Request Failed. ErrorCode: 112029 errorMessage: Platform Status, Send Request Failed. WinHTTP Cannot Connect. last error code = 12029 
11:25:39:608 [WARN]	Request Failed. ErrorCode: 112029 errorMessage: Platform Status, Send Request Failed. WinHTTP Cannot Connect. last error code = 12029 
11:26:19:638 [WARN]	Request Failed. ErrorCode: 112029 errorMessage: Platform Status, Send Request Failed. WinHTTP Cannot Connect. last error code = 12029 
11:27:21:681 [WARN]	Request Failed. ErrorCode: 112029 errorMessage: Platform Status, Send Request Failed. WinHTTP Cannot Connect. last error code = 12029 
11:28:01:720 [WARN]	Request Failed. ErrorCode: 112029 errorMessage: Platform Status, Send Request Failed. WinHTTP Cannot Connect. last error code = 12029 
11:28:09:746 [WARN]	Request Failed. ErrorCode: 112029 errorMessage: Platform Status, Send Request Failed. WinHTTP Cannot Connect. last error code = 12029 
11:28:59:777 [WARN]	Request Failed. ErrorCode: 112029 errorMessage: Platform Status, Send Request Failed. WinHTTP Cannot Connect. last error code = 12029 
11:29:59:819 [WARN]	Request Failed. ErrorCode: 112029 errorMessage: Platform Status, Send Request Failed. WinHTTP Cannot Connect. last error code = 12029 
11:30:41:851 [WARN]	Request Failed. ErrorCode: 112029 errorMessage: Platform Status, Send Request Failed. WinHTTP Cannot Connect. last error code = 12029 
11:31:11:889 [WARN]	Request Failed. ErrorCode: 112029 errorMessage: Platform Status, Send Request Failed. WinHTTP Cannot Connect. last error code = 12029 
11:31:47:927 [WARN]	Request Failed. ErrorCode: 112029 errorMessage: Platform Status, Send Request Failed. WinHTTP Cannot Connect. last error code = 12029 
11:31:51:944 [WARN]	Request Failed. ErrorCode: 112029 errorMessage: Platform Status, Send Request Failed. WinHTTP Cannot Connect. last error code = 12029 
11:32:31:967 [WARN]	Request Failed. ErrorCode: 112029 errorMessage: Platform Status, Send Request Failed. WinHTTP Cannot Connect. last error code = 12029 
11:32:56:007 [WARN]	Request Failed. ErrorCode: 112029 errorMessage: Platform Status, Send Request Failed. WinHTTP Cannot Connect. last error code = 12029 
11:33:26:027 [WARN]	Request Failed. ErrorCode: 112029 errorMessage: Platform Status, Send Request Failed. WinHTTP Cannot Connect. last error code = 12029 
11:34:04:074 [WARN]	Request Failed. ErrorCode: 112029 errorMessage: Platform Status, Send Request Failed. WinHTTP Cannot Connect. last error code = 12029 
11:34:36:096 [WARN]	Request Failed. ErrorCode: 112029 errorMessage: Platform Status, Send Request Failed. WinHTTP Cannot Connect. last error code = 12029 
11:35:02:123 [WARN]	Request Failed. ErrorCode: 112029 errorMessage: Platform Status, Send Request Failed. WinHTTP Cannot Connect. last error code = 12029 
11:35:18:137 [WARN]	Request Failed. ErrorCode: 112029 errorMessage: Platform Status, Send Request Failed. WinHTTP Cannot Connect. last error code = 12029 
11:35:56:162 [WARN]	Request Failed. ErrorCode: 112029 errorMessage: Platform Status, Send Request Failed. WinHTTP Cannot Connect. last error code = 12029 
11:36:26:192 [WARN]	Request Failed. ErrorCode: 112029 errorMessage: Platform Status, Send Request Failed. WinHTTP Cannot Connect. last error code = 12029 
11:37:08:238 [WARN]	Request Failed. ErrorCode: 112029 errorMessage: Platform Status, Send Request Failed. WinHTTP Cannot Connect. last error code = 12029 
11:37:20:248 [WARN]	Request Failed. ErrorCode: 112029 errorMessage: Platform Status, Send Request Failed. WinHTTP Cannot Connect. last error code = 12029 
11:38:10:280 [WARN]	Request Failed. ErrorCode: 112029 errorMessage: Platform Status, Send Request Failed. WinHTTP Cannot Connect. last error code = 12029 
11:39:08:315 [WARN]	Request Failed. ErrorCode: 112029 errorMessage: Platform Status, Send Request Failed. WinHTTP Cannot Connect. last error code = 12029 
11:39:28:346 [WARN]	Request Failed. ErrorCode: 112029 errorMessage: Platform Status, Send Request Failed. WinHTTP Cannot Connect. last error code = 12029 
11:39:38:358 [WARN]	Request Failed. ErrorCode: 112029 errorMessage: Platform Status, Send Request Failed. WinHTTP Cannot Connect. last error code = 12029 
11:39:38:364 [WARN]	Request Failed. ErrorCode: 112029 errorMessage: Platform Status, Send Request Failed. WinHTTP Cannot Connect. last error code = 12029 
11:40:24:404 [WARN]	Request Failed. ErrorCode: 112029 errorMessage: Platform Status, Send Request Failed. WinHTTP Cannot Connect. last error code = 12029 
11:40:46:423 [WARN]	Request Failed. ErrorCode: 112029 errorMessage: Platform Status, Send Request Failed. WinHTTP Cannot Connect. last error code = 12029 
11:41:34:459 [WARN]	Request Failed. ErrorCode: 112029 errorMessage: Platform Status, Send Request Failed. WinHTTP Cannot Connect. last error code = 12029 
11:41:36:473 [WARN]	Request Failed. ErrorCode: 112029 errorMessage: Platform Status, Send Request Failed. WinHTTP Cannot Connect. last error code = 12029 
11:41:50:499 [WARN]	Request Failed. ErrorCode: 112029 errorMessage: Platform Status, Send Request Failed. WinHTTP Cannot Connect. last error code = 12029 
11:41:58:515 [WARN]	Request Failed. ErrorCode: 112029 errorMessage: Platform Status, Send Request Failed. WinHTTP Cannot Connect. last error code = 12029 
11:42:26:548 [WARN]	Request Failed. ErrorCode: 112029 errorMessage: Platform Status, Send Request Failed. WinHTTP Cannot Connect. last error code = 12029 
11:43:28:589 [WARN]	Request Failed. ErrorCode: 112029 errorMessage: Platform Status, Send Request Failed. WinHTTP Cannot Connect. last error code = 12029 
11:44:00:607 [WARN]	Request Failed. ErrorCode: 112029 errorMessage: Platform Status, Send Request Failed. WinHTTP Cannot Connect. last error code = 12029 
11:44:00:614 [WARN]	Request Failed. ErrorCode: 112029 errorMessage: Platform Status, Send Request Failed. WinHTTP Cannot Connect. last error code = 12029 
11:44:40:651 [WARN]	Request Failed. ErrorCode: 112029 errorMessage: Platform Status, Send Request Failed. WinHTTP Cannot Connect. last error code = 12029 
11:44:42:657 [WARN]	Request Failed. ErrorCode: 112029 errorMessage: Platform Status, Send Request Failed. WinHTTP Cannot Connect. last error code = 12029 
11:45:08:680 [WARN]	Request Failed. ErrorCode: 112029 errorMessage: Platform Status, Send Request Failed. WinHTTP Cannot Connect. last error code = 12029 
